=== Monitored Training: PPO ===
Backend: tensor | Envs: 256 | Device: cpu | Curriculum: random
Eval every 100K steps | 30 games | Patience: 5
Effective rollout steps: 128 (98K env steps/rollout)

Step   196K | vs Random: 47% | vs Heuristic: 0% | ploss: -0.0161 | vloss: 0.5789 | entropy: 3.000 | stage: random | ^ improving
Step   393K | vs Random: 57% | vs Heuristic: 3% | ploss: -0.0131 | vloss: 0.6005 | entropy: 3.150 | stage: random | ^ improving
Step   589K | vs Random: 80% | vs Heuristic: 0% | ploss: -0.0096 | vloss: 0.5061 | entropy: 3.243 | stage: random | ^ improving
  CURRICULUM: curriculum advanced random -> mixed (random WR=80%)
Step   786K | vs Random: 83% | vs Heuristic: 3% | ploss: -0.0077 | vloss: 0.3803 | entropy: 3.289 | stage: mixed | ^ improving
Step   983K | vs Random: 90% | vs Heuristic: 3% | ploss: -0.0053 | vloss: 0.2412 | entropy: 3.344 | stage: mixed | ^ improving
Step   1.2M | vs Random: 93% | vs Heuristic: 0% | ploss: -0.0040 | vloss: 0.1770 | entropy: 3.375 | stage: mixed | ^ improving
Step   1.4M | vs Random: 90% | vs Heuristic: 0% | ploss: -0.0029 | vloss: 0.1368 | entropy: 3.431 | stage: mixed | - plateau
Step   1.6M | vs Random: 93% | vs Heuristic: 0% | ploss: -0.0033 | vloss: 0.1456 | entropy: 3.479 | stage: mixed | - plateau
Step   1.8M | vs Random: 93% | vs Heuristic: 3% | ploss: -0.0025 | vloss: 0.1269 | entropy: 3.512 | stage: mixed | - plateau
Step   2.0M | vs Random: 97% | vs Heuristic: 0% | ploss: -0.0017 | vloss: 0.1010 | entropy: 3.554 | stage: mixed | ^ improving
Step   2.2M | vs Random: 97% | vs Heuristic: 0% | ploss: -0.0014 | vloss: 0.0783 | entropy: 3.636 | stage: mixed | - plateau
Step   2.4M | vs Random: 97% | vs Heuristic: 0% | ploss: -0.0011 | vloss: 0.0728 | entropy: 3.746 | stage: mixed | - plateau
Step   2.6M | vs Random: 100% | vs Heuristic: 7% | ploss: -0.0012 | vloss: 0.0707 | entropy: 3.851 | stage: mixed | ^ improving
Step   2.8M | vs Random: 97% | vs Heuristic: 0% | ploss: -0.0006 | vloss: 0.0584 | entropy: 3.962 | stage: mixed | - plateau
Step   2.9M | vs Random: 100% | vs Heuristic: 0% | ploss: -0.0013 | vloss: 0.0649 | entropy: 4.085 | stage: mixed | - plateau

==================================================
=== Training Summary ===
Algorithm: PPO
Total steps: 3,047,424
Wall time: 7h 17m 19s
Best win rate vs Random: 100% (at step 2.6M)
Best win rate vs Heuristic: 7% (at step 2.6M)
Interventions: 0
Best checkpoint: checkpoints/ppo_overnight/checkpoint_2555904.pt
==================================================
