2026-04-05 15:22:00,828 [INFO] __main__: Device: cuda, num_envs: 64
2026-04-05 15:22:13,889 [INFO] __main__: Loaded starting checkpoint: runs/contrastive/final_agent.pt
2026-04-05 15:22:13,903 [INFO] __main__: Starting self-play training: 30 iterations, 8 rollouts/iter (24576 steps/rollout, ~196608 steps/iter)
2026-04-05 15:22:13,903 [INFO] __main__: === Iteration 1/30  |  ELO: 1000  |  Pool: 1 ===
2026-04-05 15:22:13,926 [INFO] __main__: Opponent: pool_step_0 (elo=1000) [random_ratio=50%]
2026-04-05 15:23:25,357 [INFO] __main__:   rollout 1/8: win_rate=0.86 (306/354), policy_loss=-0.0015
2026-04-05 15:23:49,956 [INFO] __main__:   rollout 2/8: win_rate=0.90 (653/728), policy_loss=-0.0019
2026-04-05 15:24:14,823 [INFO] __main__:   rollout 3/8: win_rate=0.89 (976/1098), policy_loss=-0.0016
2026-04-05 15:24:39,718 [INFO] __main__:   rollout 4/8: win_rate=0.89 (1300/1461), policy_loss=-0.0018
2026-04-05 15:25:05,342 [INFO] __main__:   rollout 5/8: win_rate=0.88 (1620/1833), policy_loss=-0.0016
2026-04-05 15:25:28,371 [INFO] __main__:   rollout 6/8: win_rate=0.89 (1935/2181), policy_loss=-0.0016
2026-04-05 15:25:53,754 [INFO] __main__:   rollout 7/8: win_rate=0.89 (2252/2534), policy_loss=-0.0023
2026-04-05 15:26:19,203 [INFO] __main__:   rollout 8/8: win_rate=0.89 (2562/2889), policy_loss=-0.0023
2026-04-05 15:26:19,218 [INFO] __main__: Evaluating vs pool members for ELO update...
2026-04-05 15:26:20,545 [INFO] __main__:   vs random: 100% (50/50)
2026-04-05 15:26:23,539 [INFO] __main__:   vs pool_step_0: 96% (48/50) -> learner_elo=1015
2026-04-05 15:26:26,909 [INFO] __main__:   vs pool_step_196608: 96% (48/50) -> learner_elo=1029
2026-04-05 15:26:26,912 [INFO] __main__: Iteration 1 complete in 253.0s: ELO=1029, vs_random=100%, vs_pool=96%, features=0, episodes=2889
2026-04-05 15:26:26,912 [INFO] __main__: === Iteration 2/30  |  ELO: 1029  |  Pool: 2 ===
2026-04-05 15:26:26,919 [INFO] __main__: Opponent: pool_step_196608 (elo=986) [random_ratio=50%]
2026-04-05 15:26:52,007 [INFO] __main__:   rollout 1/8: win_rate=0.88 (326/371), policy_loss=-0.0007
2026-04-05 15:27:14,817 [INFO] __main__:   rollout 2/8: win_rate=0.89 (653/734), policy_loss=-0.0017
2026-04-05 15:27:39,409 [INFO] __main__:   rollout 3/8: win_rate=0.90 (991/1105), policy_loss=-0.0016
2026-04-05 15:28:04,630 [INFO] __main__:   rollout 4/8: win_rate=0.91 (1334/1468), policy_loss=-0.0009
2026-04-05 15:28:29,071 [INFO] __main__:   rollout 5/8: win_rate=0.92 (1698/1851), policy_loss=-0.0014
2026-04-05 15:28:51,450 [INFO] __main__:   rollout 6/8: win_rate=0.92 (2026/2210), policy_loss=-0.0024
2026-04-05 15:29:16,561 [INFO] __main__:   rollout 7/8: win_rate=0.92 (2375/2591), policy_loss=-0.0020
2026-04-05 15:29:42,578 [INFO] __main__:   rollout 8/8: win_rate=0.92 (2729/2968), policy_loss=-0.0016
2026-04-05 15:29:42,583 [INFO] __main__: Evaluating vs pool members for ELO update...
2026-04-05 15:29:44,011 [INFO] __main__:   vs random: 100% (50/50)
2026-04-05 15:29:47,280 [INFO] __main__:   vs pool_step_0: 96% (48/50) -> learner_elo=1041
2026-04-05 15:29:50,791 [INFO] __main__:   vs pool_step_196608: 94% (47/50) -> learner_elo=1053
2026-04-05 15:29:54,730 [INFO] __main__:   vs pool_step_393216: 98% (49/50) -> learner_elo=1066
2026-04-05 15:29:54,732 [INFO] __main__: Iteration 2 complete in 207.8s: ELO=1066, vs_random=100%, vs_pool=96%, features=0, episodes=2968
2026-04-05 15:29:54,733 [INFO] __main__: === Iteration 3/30  |  ELO: 1066  |  Pool: 3 ===
2026-04-05 15:29:54,733 [INFO] __main__: Opponent: random
2026-04-05 15:30:25,566 [INFO] __main__:   rollout 1/8: win_rate=1.00 (1323/1323), policy_loss=-0.0018
2026-04-05 15:30:57,023 [INFO] __main__:   rollout 2/8: win_rate=1.00 (2632/2632), policy_loss=-0.0012
2026-04-05 15:31:32,456 [INFO] __main__:   rollout 3/8: win_rate=1.00 (3948/3950), policy_loss=-0.0014
2026-04-05 15:32:08,208 [INFO] __main__:   rollout 4/8: win_rate=1.00 (5262/5266), policy_loss=-0.0004
2026-04-05 15:32:38,684 [INFO] __main__:   rollout 5/8: win_rate=1.00 (6580/6585), policy_loss=-0.0009
2026-04-05 15:33:09,589 [INFO] __main__:   rollout 6/8: win_rate=1.00 (7894/7903), policy_loss=-0.0020
2026-04-05 15:33:39,696 [INFO] __main__:   rollout 7/8: win_rate=1.00 (9190/9200), policy_loss=-0.0023
2026-04-05 15:34:10,747 [INFO] __main__:   rollout 8/8: win_rate=1.00 (10480/10494), policy_loss=-0.0019
2026-04-05 15:34:10,754 [INFO] __main__: Evaluating vs pool members for ELO update...
2026-04-05 15:34:11,909 [INFO] __main__:   vs random: 100% (50/50)
2026-04-05 15:34:15,890 [INFO] __main__:   vs pool_step_0: 46% (23/50) -> learner_elo=1060
2026-04-05 15:34:19,650 [INFO] __main__:   vs pool_step_393216: 56% (28/50) -> learner_elo=1059
2026-04-05 15:34:22,304 [INFO] __main__:   vs pool_step_589824: 98% (49/50) -> learner_elo=1072
2026-04-05 15:34:26,326 [INFO] __main__:   vs pool_step_196608: 74% (37/50) -> learner_elo=1075
2026-04-05 15:34:26,329 [INFO] __main__: Iteration 3 complete in 271.6s: ELO=1075, vs_random=100%, vs_pool=68%, features=0, episodes=10494
2026-04-05 15:34:26,329 [INFO] __main__: === Iteration 4/30  |  ELO: 1075  |  Pool: 4 ===
2026-04-05 15:34:26,336 [INFO] __main__: Opponent: pool_step_589824 (elo=987) [random_ratio=48%]
2026-04-05 15:34:55,483 [INFO] __main__:   rollout 1/8: win_rate=0.84 (487/579), policy_loss=-0.0037
2026-04-05 15:35:23,921 [INFO] __main__: Shutdown requested (signal 15). Will save after current iteration.
2026-04-05 15:35:26,251 [INFO] __main__:   rollout 2/8: win_rate=0.86 (1006/1165), policy_loss=-0.0031
2026-04-05 15:35:26,252 [INFO] __main__: Shutdown requested during rollout collection. Breaking.
2026-04-05 15:35:26,256 [INFO] __main__: Evaluating vs pool members for ELO update...
2026-04-05 15:35:27,688 [INFO] __main__:   vs random: 100% (50/50)
2026-04-05 15:35:30,978 [INFO] __main__:   vs pool_step_638976: 98% (49/50) -> learner_elo=1087
2026-04-05 15:35:35,382 [INFO] __main__:   vs pool_step_196608: 60% (30/50) -> learner_elo=1085
2026-04-05 15:35:40,180 [INFO] __main__:   vs pool_step_393216: 46% (23/50) -> learner_elo=1079
2026-04-05 15:35:43,176 [INFO] __main__:   vs pool_step_589824: 94% (47/50) -> learner_elo=1089
2026-04-05 15:35:48,588 [INFO] __main__:   vs pool_step_0: 66% (33/50) -> learner_elo=1090
2026-04-05 15:35:48,592 [INFO] __main__: Iteration 4 complete in 82.3s: ELO=1090, vs_random=100%, vs_pool=73%, features=0, episodes=1165
2026-04-05 15:35:48,593 [INFO] __main__: Shutdown requested before iteration 5. Stopping.
2026-04-05 15:35:48,603 [INFO] __main__: Saved final agent to runs/self_play_v3/final_agent.pt
2026-04-05 15:35:48,604 [INFO] __main__: Final ELO leaderboard:
2026-04-05 15:35:48,604 [INFO] __main__:   learner: 1090
2026-04-05 15:35:48,604 [INFO] __main__:   pool_step_393216: 994
2026-04-05 15:35:48,604 [INFO] __main__:   pool_step_638976: 988
2026-04-05 15:35:48,604 [INFO] __main__:   pool_step_0: 978
2026-04-05 15:35:48,604 [INFO] __main__:   pool_step_589824: 977
2026-04-05 15:35:48,604 [INFO] __main__:   pool_step_196608: 973
2026-04-05 15:35:48,605 [INFO] __main__: Training complete. 30 iterations, final ELO=1090
